fichier resultat du test : testMoyConsoBien.out
Contenu de la base :
SQL> @ ../../utilitaires/afficher_base_gestloc.sql
SQL> -- ==========================
SQL> -- fichier      : afficher_base_gestloc.sql
SQL> -- base	     : gestloc
SQL> -- auteur(s)    : SIMON Kevin
SQL> -- date	     : 19/11/22
SQL> -- role	     : afficher le contenu des tables de la bd gestloc
SQL> -- projet	     : gestloc
SQL> -- ==========================
SQL> 
SQL> SELECT * FROM AGENCE;

  IDAGENCE NOM                                                                  
---------- --------------------------------------------------                   
ADRESSE                                                                         
--------------------------------------------------------------------------------
CONTACT                                                                         
--------------------------------------------------------------------------------
         1 AgenceExemple                                                        
La Rochelle                                                                     
AgenceImmoLaRochelle@example.com                                                
                                                                                

SQL> 
SQL> SELECT * FROM PROPRIETAIRE;

  IDPROPRI NOM                                                                  
---------- --------------------------------------------------                   
PRENOM                                             TEL                          
-------------------------------------------------- ----------                   
MAIL                                                                            
--------------------------------------------------------------------------------
IBAN                                                                            
----------------------------------                                              
         1 SIMON                                                                
Laurent                                            0601010101                   
SimonLaurent@example.com                                                        
FR2830003000709164663684Y18                                                     
                                                                                

  IDPROPRI NOM                                                                  
---------- --------------------------------------------------                   
PRENOM                                             TEL                          
-------------------------------------------------- ----------                   
MAIL                                                                            
--------------------------------------------------------------------------------
IBAN                                                                            
----------------------------------                                              
         2 MARTIN                                                               
Lou                                                0602020202                   
MartinLou@example.com                                                           
FR4414508000503575763697X53                                                     
                                                                                

SQL> 
SQL> SELECT * FROM LOCATAIRE;

no rows selected

SQL> 
SQL> SELECT * FROM SYNDIC;

  IDSYNDIC NOM                                                                  
---------- --------------------------------------------------                   
PRENOM                                                                          
--------------------------------------------------                              
CONTACT                                                                         
--------------------------------------------------------------------------------
         1 MET                                                                  
Delphine                                                                        
MetDelphine@example.com                                                         
                                                                                

SQL> 
SQL> SELECT * FROM BIEN;

    IDBIEN                                                                      
----------                                                                      
ADRESSE                                                                         
--------------------------------------------------------------------------------
  TYPEBAIL    SURFACE   IDAGENCE   IDPROPRI   IDSYNDIC                          
---------- ---------- ---------- ---------- ----------                          
         1                                                                      
La Rochelle                                                                     
         3         70          1          1          1                          
                                                                                
         2                                                                      
La Rochelle                                                                     
         3         70          1          2          1                          

    IDBIEN                                                                      
----------                                                                      
ADRESSE                                                                         
--------------------------------------------------------------------------------
  TYPEBAIL    SURFACE   IDAGENCE   IDPROPRI   IDSYNDIC                          
---------- ---------- ---------- ---------- ----------                          
                                                                                

SQL> 
SQL> SELECT * FROM LOCATION;

no rows selected

SQL> 
SQL> SELECT * FROM VISITE;

no rows selected

SQL> 
SQL> SELECT * FROM DPE;

     IDDPE     IDBIEN DATEDEBUT  DATEFIN    C C CONSOMMATION  EMISSIONS         
---------- ---------- ---------- ---------- - - ------------ ----------         
MENTION                                                                         
------------------------------                                                  
         1          1 23/12/2021 22/12/2031 C C          147         20         
                                                                                
                                                                                
         2          2 23/12/2021 22/12/2031 G G          424        103         
                                                                                
                                                                                

SQL> 
SQL> -- ============================================================================
SQL> -- Requete a tester
SQL> -- ============================================================================
SQL> 
SQL> -- Debut de l'affichage du resultat de la requete sur le client SqlPlus
SQL> prompt 'Resultat de la requete'
'Resultat de la requete'
SQL> @moyConsoBien.sql
SQL> -- ==========================
SQL> -- fichier      : moyConsoBien.sql
SQL> -- base	     : gestloc
SQL> -- auteur(s)    : SIMON Kevin
SQL> -- date	     : janvier 2023
SQL> -- role	     : Quelle est la moyenne de consommation par bien  ?
SQL> -- projet	     : gestloc
SQL> -- ==========================
SQL> 
SQL> BREAK ON REPORT
SQL> COMPUTE AVG LABEL 'Moy. Totale' OF CONSOMMATION ON REPORT
SQL> SELECT IDBIEN, IDPROPRI, CONSOMMATION
  2  FROM BIEN NATURAL JOIN DPE
  3  WHERE DATEFIN > CURRENT_DATE;

    IDBIEN   IDPROPRI CONSOMMATION                                              
---------- ---------- ------------                                              
         1          1          147                                              
         2          2          424                                              
                      ------------                                              
Moy. Total                   285.5                                              

SQL> 
SQL> -- Fin de l'affichage sur le client SqlPlus
SQL> SET echo OFF
